[backblue.gif]
[fade.gif]
[index.html]
[images-na.ssl-images-amazon.com/images/I/61dZRKtG0VL._RC_11Fd9tJOdtL.css,11tfezETfFL.css,31WoRZHct0L.css,31Hhzr7NyHL.css_b1fc.css]
[images-na.ssl-images-amazon.com/images/I/01SdjaY0ZsL._RC_31jdWD+JB+L.css,51EK8BINbtL.css_7e0c.css]
[images-na.ssl-images-amazon.com/images/I/21cwI2AAWQLc8b6.css]
[images-na.ssl-images-amazon.com/images/I/01wGDSlxwdLf98e.js]
[images-na.ssl-images-amazon.com/images/I/41TpvvAgptLc8b6.js]
[images-na.ssl-images-amazon.com/images/I/8150jbgvn9Lf1d7.js]
[images-na.ssl-images-amazon.com/images/I/31jdfgcsPAL5973.js]
[images-na.ssl-images-amazon.com/images/I/71MFMsTQG0L99db.js]
[images-na.ssl-images-amazon.com/images/I/51RddlGAZmLfef7.js]
[images-na.ssl-images-amazon.com/images/I/81gZMr8Cf9Lac85.js]
[images-na.ssl-images-amazon.com/images/I/A1Zp5F8U1KLa250.js]
[static.siege-amazon.com/prod/profiles/AuthenticationPortalSigninNA.js]
[images-na.ssl-images-amazon.com/images/I/31bJewCvY-L.js]
[m.media-amazon.com/images/G/01/csm/showads.v2fb02.js]
[www.amazon.com/ap/signin650f.html]
[www.amazon.com/ap/POST.html]
[www.amazon.com/ap/forgotpassword3211.html]
[www.amazon.com/ap/register3211.html]
[www.amazon.com/ap/GET.html]
[m.media-amazon.com/images/S/sash/mPGmT0r6IeTyIee.png]
[m.media-amazon.com/images/S/sash/tRfJHOgYB6QY-yf.gif]
[images-na.ssl-images-amazon.com/images/I/61dZRKtG0VL._RC_11Fd9tJOdtL.css,11tfezETfFL.css,31WoRZHct0L.css,31Hhzr7NyHL.css_b1fc.css]
[images-na.ssl-images-amazon.com/images/I/01SdjaY0ZsL._RC_31jdWD+JB+L.css,51EK8BINbtL.css_7e0c.css]
[m.media-amazon.com/images/S/sash/Pq46CmXZMTyTAdQ.png]
[images-na.ssl-images-amazon.com/images/I/21cwI2AAWQLc8b6.css]
[images-na.ssl-images-amazon.com/images/I/01wGDSlxwdLf98e.js]
[images-na.ssl-images-amazon.com/images/I/41TpvvAgptLc8b6.js]
[images-na.ssl-images-amazon.com/images/I/8150jbgvn9Lf1d7.js]
[images-na.ssl-images-amazon.com/images/I/31jdfgcsPAL5973.js]
[images-na.ssl-images-amazon.com/images/I/71MFMsTQG0L99db.js]
[images-na.ssl-images-amazon.com/images/I/51RddlGAZmLfef7.js]
[images-na.ssl-images-amazon.com/images/I/81gZMr8Cf9Lac85.js]
[images-na.ssl-images-amazon.com/images/I/A1Zp5F8U1KLa250.js]
[static.siege-amazon.com/prod/profiles/AuthenticationPortalSigninNA.js]
[images-na.ssl-images-amazon.com/images/I/31bJewCvY-L.js]
[m.media-amazon.com/images/G/01/csm/showads.v2fb02.js]
[www.amazon.com/ap/node_modules/timers-browserify/main.html]
[www.amazon.com/ap/node_modules/uuid/v4.html]
[www.amazon.com/ap/node_modules/css-loader/dist/runtime/api.html]
[www.amazon.com/ap/node_modules/webpack/buildin/global.html]
[www.amazon.com/ap/node_modules/process/browser.html]
[www.amazon.com/ap/node_modules/setimmediate/setImmediate.html]
[www.amazon.com/ap/node_modules/uuid/lib/rng-browser.html]
[www.amazon.com/ap/node_modules/uuid/lib/bytesToUuid.html]
[www.amazon.com/ap/node_modules/build-url-ts/dist/build-url.html]
[www.amazon.com/ap/src/css/iframe.html]
[www.amazon.com/ap/node_modules/style-loader/dist/runtime/injectStylesIntoStyleTag.html]
